2026-04-21 13:27:21,805 INFO o.a.j.u.JMeterUtils: Setting Locale to en_EN
2026-04-21 13:27:21,816 INFO o.a.j.JMeter: Loading user properties from: /home/vscode/apache-jmeter-5.6.3/bin/user.properties
2026-04-21 13:27:21,816 INFO o.a.j.JMeter: Loading system properties from: /home/vscode/apache-jmeter-5.6.3/bin/system.properties
2026-04-21 13:27:21,819 INFO o.a.j.JMeter: Copyright (c) 1998-2024 The Apache Software Foundation
2026-04-21 13:27:21,819 INFO o.a.j.JMeter: Version 5.6.3
2026-04-21 13:27:21,819 INFO o.a.j.JMeter: java.version=21.0.10
2026-04-21 13:27:21,819 INFO o.a.j.JMeter: java.vm.name=OpenJDK 64-Bit Server VM
2026-04-21 13:27:21,819 INFO o.a.j.JMeter: os.name=Linux
2026-04-21 13:27:21,819 INFO o.a.j.JMeter: os.arch=amd64
2026-04-21 13:27:21,819 INFO o.a.j.JMeter: os.version=6.19.10-100.fc42.x86_64
2026-04-21 13:27:21,819 INFO o.a.j.JMeter: file.encoding=UTF-8
2026-04-21 13:27:21,819 INFO o.a.j.JMeter: java.awt.headless=true
2026-04-21 13:27:21,819 INFO o.a.j.JMeter: Max memory     =1073741824
2026-04-21 13:27:21,819 INFO o.a.j.JMeter: Available Processors =12
2026-04-21 13:27:21,824 INFO o.a.j.JMeter: Default Locale=English (EN)
2026-04-21 13:27:21,824 INFO o.a.j.JMeter: JMeter  Locale=English (EN)
2026-04-21 13:27:21,824 INFO o.a.j.JMeter: JMeterHome=/home/vscode/apache-jmeter-5.6.3
2026-04-21 13:27:21,824 INFO o.a.j.JMeter: user.dir  =/workspaces/service
2026-04-21 13:27:21,824 INFO o.a.j.JMeter: PWD       =/workspaces/service
2026-04-21 13:27:21,824 INFO o.a.j.JMeter: IP: 172.17.0.2 Name: 0c0005f1ee30 FullName: 0c0005f1ee30
2026-04-21 13:27:21,831 INFO o.a.j.JMeter: Setting property 'jmeter.reportgenerator.outputdir' to:'/workspaces/service/jmeter/report'
2026-04-21 13:27:21,832 INFO o.a.j.s.FileServer: Default base='/workspaces/service'
2026-04-21 13:27:21,833 INFO o.a.j.s.FileServer: Set new base='/workspaces/service/jmeter'
2026-04-21 13:27:21,959 INFO o.a.j.s.SaveService: Testplan (JMX) version: 2.2. Testlog (JTL) version: 2.2
2026-04-21 13:27:21,974 INFO o.a.j.s.SaveService: Using SaveService properties version 5.0
2026-04-21 13:27:21,977 INFO o.a.j.s.SaveService: Using SaveService properties file encoding UTF-8
2026-04-21 13:27:21,979 INFO o.a.j.s.SaveService: Loading file: /workspaces/service/jmeter/login_test_plan_local.jmx
2026-04-21 13:27:22,012 INFO o.a.j.p.h.s.HTTPSamplerBase: Parser for text/html is org.apache.jmeter.protocol.http.parser.LagartoBasedHtmlParser
2026-04-21 13:27:22,012 INFO o.a.j.p.h.s.HTTPSamplerBase: Parser for application/xhtml+xml is org.apache.jmeter.protocol.http.parser.LagartoBasedHtmlParser
2026-04-21 13:27:22,012 INFO o.a.j.p.h.s.HTTPSamplerBase: Parser for application/xml is org.apache.jmeter.protocol.http.parser.LagartoBasedHtmlParser
2026-04-21 13:27:22,012 INFO o.a.j.p.h.s.HTTPSamplerBase: Parser for text/xml is org.apache.jmeter.protocol.http.parser.LagartoBasedHtmlParser
2026-04-21 13:27:22,012 INFO o.a.j.p.h.s.HTTPSamplerBase: Parser for text/vnd.wap.wml is org.apache.jmeter.protocol.http.parser.RegexpHTMLParser
2026-04-21 13:27:22,012 INFO o.a.j.p.h.s.HTTPSamplerBase: Parser for text/css is org.apache.jmeter.protocol.http.parser.CssParser
2026-04-21 13:27:22,044 INFO o.a.j.JMeter: Creating summariser <summary>
2026-04-21 13:27:22,046 INFO o.a.j.r.d.ReportGenerator: ReportGenerator will use for Parsing the separator: ','
2026-04-21 13:27:22,046 INFO o.a.j.r.d.ReportGenerator: Will generate report at end of test from  results file: /workspaces/service/jmeter/results.jtl
2026-04-21 13:27:22,046 INFO o.a.j.r.d.ReportGenerator: Reading report generator properties from: /home/vscode/apache-jmeter-5.6.3/bin/reportgenerator.properties
2026-04-21 13:27:22,046 INFO o.a.j.r.d.ReportGenerator: Merging with JMeter properties
2026-04-21 13:27:22,048 INFO o.a.j.r.c.ReportGeneratorConfiguration: Property 'jmeter.reportgenerator.temp_dir' not found, using default value 'temp' instead.
2026-04-21 13:27:22,050 INFO o.a.j.r.c.ReportGeneratorConfiguration: Property 'jmeter.reportgenerator.apdex_per_transaction' not found, using default value 'null' instead.
2026-04-21 13:27:22,050 INFO o.a.j.r.c.ReportGeneratorConfiguration: apdex_per_transaction is empty, not APDEX per transaction customization
2026-04-21 13:27:22,050 INFO o.a.j.r.c.ReportGeneratorConfiguration: Property 'jmeter.reportgenerator.sample_filter' not found, using default value 'null' instead.
2026-04-21 13:27:22,050 INFO o.a.j.r.c.ReportGeneratorConfiguration: Property 'jmeter.reportgenerator.report_title' not found, using default value 'null' instead.
2026-04-21 13:27:22,050 INFO o.a.j.r.c.ReportGeneratorConfiguration: Property 'jmeter.reportgenerator.start_date' not found, using default value 'null' instead.
2026-04-21 13:27:22,050 INFO o.a.j.r.c.ReportGeneratorConfiguration: Property 'jmeter.reportgenerator.end_date' not found, using default value 'null' instead.
2026-04-21 13:27:22,050 INFO o.a.j.r.c.ReportGeneratorConfiguration: Property 'jmeter.reportgenerator.date_format' not found, using default value 'null' instead.
2026-04-21 13:27:22,050 INFO o.a.j.r.c.ReportGeneratorConfiguration: Will use date range start date: null, end date: null
2026-04-21 13:27:22,052 INFO o.a.j.r.c.ReportGeneratorConfiguration: Property 'jmeter.reportgenerator.graph.totalTPS.exclude_controllers' not found, using default value 'false' instead.
2026-04-21 13:27:22,052 INFO o.a.j.r.c.ReportGeneratorConfiguration: Property 'jmeter.reportgenerator.graph.activeThreadsOverTime.exclude_controllers' not found, using default value 'false' instead.
2026-04-21 13:27:22,052 INFO o.a.j.r.c.ReportGeneratorConfiguration: Property 'jmeter.reportgenerator.graph.timeVsThreads.exclude_controllers' not found, using default value 'false' instead.
2026-04-21 13:27:22,052 INFO o.a.j.r.c.ReportGeneratorConfiguration: Property 'jmeter.reportgenerator.graph.responseTimeDistribution.exclude_controllers' not found, using default value 'false' instead.
2026-04-21 13:27:22,052 INFO o.a.j.r.c.ReportGeneratorConfiguration: Property 'jmeter.reportgenerator.graph.transactionsPerSecond.exclude_controllers' not found, using default value 'false' instead.
2026-04-21 13:27:22,052 INFO o.a.j.r.c.ReportGeneratorConfiguration: Property 'jmeter.reportgenerator.graph.responseTimePercentiles.exclude_controllers' not found, using default value 'false' instead.
2026-04-21 13:27:22,053 INFO o.a.j.r.c.ReportGeneratorConfiguration: Property 'jmeter.reportgenerator.graph.responseTimePercentilesOverTime.exclude_controllers' not found, using default value 'false' instead.
2026-04-21 13:27:22,053 INFO o.a.j.r.c.ReportGeneratorConfiguration: Property 'jmeter.reportgenerator.graph.responseTimesOverTime.exclude_controllers' not found, using default value 'false' instead.
2026-04-21 13:27:22,053 INFO o.a.j.r.c.ReportGeneratorConfiguration: Property 'jmeter.reportgenerator.graph.connectTimeOverTime.exclude_controllers' not found, using default value 'false' instead.
2026-04-21 13:27:22,053 INFO o.a.j.r.c.ReportGeneratorConfiguration: Property 'jmeter.reportgenerator.graph.latenciesOverTime.exclude_controllers' not found, using default value 'false' instead.
2026-04-21 13:27:22,053 INFO o.a.j.r.c.ReportGeneratorConfiguration: Property 'jmeter.reportgenerator.exporter.json.filters_only_sample_series' not found, using default value 'true' instead.
2026-04-21 13:27:22,053 INFO o.a.j.r.c.ReportGeneratorConfiguration: Property 'jmeter.reportgenerator.exporter.json.series_filter' not found, using default value '' instead.
2026-04-21 13:27:22,053 INFO o.a.j.r.c.ReportGeneratorConfiguration: Property 'jmeter.reportgenerator.exporter.json.show_controllers_only' not found, using default value 'false' instead.
2026-04-21 13:27:22,054 INFO o.a.j.r.c.ReportGeneratorConfiguration: Property 'jmeter.reportgenerator.exporter.html.filters_only_sample_series' not found, using default value 'true' instead.
2026-04-21 13:27:22,054 INFO o.a.j.r.c.ReportGeneratorConfiguration: Property 'jmeter.reportgenerator.exporter.html.series_filter' not found, using default value '' instead.
2026-04-21 13:27:22,054 INFO o.a.j.r.c.ReportGeneratorConfiguration: Property 'jmeter.reportgenerator.exporter.html.show_controllers_only' not found, using default value 'false' instead.
2026-04-21 13:27:22,060 INFO o.a.j.e.StandardJMeterEngine: Running the test!
2026-04-21 13:27:22,061 INFO o.a.j.s.SampleEvent: List of sample_variables: []
2026-04-21 13:27:22,061 INFO o.a.j.s.SampleEvent: List of sample_variables: []
2026-04-21 13:27:22,066 INFO o.a.j.e.u.CompoundVariable: Note: Function class names must contain the string: '.functions.'
2026-04-21 13:27:22,066 INFO o.a.j.e.u.CompoundVariable: Note: Function class names must not contain the string: '.gui.'
2026-04-21 13:27:22,220 INFO o.a.j.JMeter: Running test (1776778042220)
2026-04-21 13:27:22,233 INFO o.a.j.e.StandardJMeterEngine: Starting ThreadGroup: 1 : Login Flow Thread Group
2026-04-21 13:27:22,233 INFO o.a.j.e.StandardJMeterEngine: Starting 10 threads for group Login Flow Thread Group.
2026-04-21 13:27:22,233 INFO o.a.j.e.StandardJMeterEngine: Thread will continue on error
2026-04-21 13:27:22,234 INFO o.a.j.t.ThreadGroup: Starting thread group... number=1 threads=10 ramp-up=10 delayedStart=false
2026-04-21 13:27:22,238 INFO o.a.j.t.JMeterThread: Thread started: Login Flow Thread Group 1-1
2026-04-21 13:27:22,241 INFO o.a.j.t.ThreadGroup: Started thread group number 1
2026-04-21 13:27:22,241 INFO o.a.j.e.StandardJMeterEngine: All thread groups have been started
2026-04-21 13:27:22,251 INFO o.a.j.p.h.s.HTTPHCAbstractImpl: Local host = 0c0005f1ee30
2026-04-21 13:27:22,254 INFO o.a.j.p.h.s.HTTPHC4Impl: HTTP request retry count = 0
2026-04-21 13:27:22,255 INFO o.a.j.s.SampleResult: Note: Sample TimeStamps are START times
2026-04-21 13:27:22,255 INFO o.a.j.s.SampleResult: sampleresult.default.encoding is set to UTF-8
2026-04-21 13:27:22,255 INFO o.a.j.s.SampleResult: sampleresult.useNanoTime=true
2026-04-21 13:27:22,256 INFO o.a.j.s.SampleResult: sampleresult.nanoThreadSleep=5000
2026-04-21 13:27:23,072 INFO o.a.j.t.JMeterThread: Thread is done: Login Flow Thread Group 1-1
2026-04-21 13:27:23,072 INFO o.a.j.t.JMeterThread: Thread finished: Login Flow Thread Group 1-1
2026-04-21 13:27:23,237 INFO o.a.j.t.JMeterThread: Thread started: Login Flow Thread Group 1-2
2026-04-21 13:27:23,616 INFO o.a.j.t.JMeterThread: Thread is done: Login Flow Thread Group 1-2
2026-04-21 13:27:23,616 INFO o.a.j.t.JMeterThread: Thread finished: Login Flow Thread Group 1-2
2026-04-21 13:27:24,236 INFO o.a.j.t.JMeterThread: Thread started: Login Flow Thread Group 1-3
2026-04-21 13:27:24,613 INFO o.a.j.t.JMeterThread: Thread is done: Login Flow Thread Group 1-3
2026-04-21 13:27:24,613 INFO o.a.j.t.JMeterThread: Thread finished: Login Flow Thread Group 1-3
2026-04-21 13:27:25,235 INFO o.a.j.t.JMeterThread: Thread started: Login Flow Thread Group 1-4
2026-04-21 13:27:25,608 INFO o.a.j.t.JMeterThread: Thread is done: Login Flow Thread Group 1-4
2026-04-21 13:27:25,608 INFO o.a.j.t.JMeterThread: Thread finished: Login Flow Thread Group 1-4
2026-04-21 13:27:26,236 INFO o.a.j.t.JMeterThread: Thread started: Login Flow Thread Group 1-5
2026-04-21 13:27:26,612 INFO o.a.j.t.JMeterThread: Thread is done: Login Flow Thread Group 1-5
2026-04-21 13:27:26,612 INFO o.a.j.t.JMeterThread: Thread finished: Login Flow Thread Group 1-5
2026-04-21 13:27:27,237 INFO o.a.j.t.JMeterThread: Thread started: Login Flow Thread Group 1-6
2026-04-21 13:27:27,605 INFO o.a.j.t.JMeterThread: Thread is done: Login Flow Thread Group 1-6
2026-04-21 13:27:27,606 INFO o.a.j.t.JMeterThread: Thread finished: Login Flow Thread Group 1-6
2026-04-21 13:27:28,235 INFO o.a.j.t.JMeterThread: Thread started: Login Flow Thread Group 1-7
2026-04-21 13:27:28,607 INFO o.a.j.t.JMeterThread: Thread is done: Login Flow Thread Group 1-7
2026-04-21 13:27:28,607 INFO o.a.j.t.JMeterThread: Thread finished: Login Flow Thread Group 1-7
2026-04-21 13:27:29,236 INFO o.a.j.t.JMeterThread: Thread started: Login Flow Thread Group 1-8
2026-04-21 13:27:29,636 INFO o.a.j.t.JMeterThread: Thread is done: Login Flow Thread Group 1-8
2026-04-21 13:27:29,637 INFO o.a.j.t.JMeterThread: Thread finished: Login Flow Thread Group 1-8
2026-04-21 13:27:30,235 INFO o.a.j.t.JMeterThread: Thread started: Login Flow Thread Group 1-9
2026-04-21 13:27:30,248 INFO o.a.j.r.Summariser: summary +     89 in 00:00:08 =   11.1/s Avg:    33 Min:     3 Max:    97 Err:     9 (10.11%) Active: 1 Started: 9 Finished: 8
2026-04-21 13:27:30,614 INFO o.a.j.t.JMeterThread: Thread is done: Login Flow Thread Group 1-9
2026-04-21 13:27:30,614 INFO o.a.j.t.JMeterThread: Thread finished: Login Flow Thread Group 1-9
2026-04-21 13:27:31,235 INFO o.a.j.t.JMeterThread: Thread started: Login Flow Thread Group 1-10
2026-04-21 13:27:31,610 INFO o.a.j.t.JMeterThread: Thread is done: Login Flow Thread Group 1-10
2026-04-21 13:27:31,610 INFO o.a.j.t.JMeterThread: Thread finished: Login Flow Thread Group 1-10
2026-04-21 13:27:31,611 INFO o.a.j.e.StandardJMeterEngine: Notifying test listeners of end of test
2026-04-21 13:27:31,614 INFO o.a.j.r.Summariser: summary +     21 in 00:00:01 =   15.4/s Avg:    34 Min:     3 Max:    76 Err:     1 (4.76%) Active: 0 Started: 10 Finished: 10
2026-04-21 13:27:31,614 INFO o.a.j.r.Summariser: summary =    110 in 00:00:09 =   11.7/s Avg:    33 Min:     3 Max:    97 Err:    10 (9.09%)
2026-04-21 13:27:31,615 INFO o.a.j.JMeter: Generating Dashboard
2026-04-21 13:27:31,615 INFO o.a.j.r.d.ReportGenerator: Flushing result collector before report Generation
2026-04-21 13:27:31,624 INFO o.a.j.r.p.NormalizerSampleConsumer: Using format, 'ms', to parse timeStamp field
2026-04-21 13:27:31,672 INFO o.a.j.r.p.AbstractSampleConsumer: class org.apache.jmeter.report.processor.AggregateConsumer#stopProducing(): beginDate produced 0 samples
2026-04-21 13:27:31,673 INFO o.a.j.r.p.AbstractSampleConsumer: class org.apache.jmeter.report.processor.AggregateConsumer#stopProducing(): endDate produced 0 samples
2026-04-21 13:27:31,674 INFO o.a.j.r.p.AbstractSampleConsumer: class org.apache.jmeter.report.processor.ApdexSummaryConsumer#stopProducing(): apdexSummary produced 0 samples
2026-04-21 13:27:31,674 INFO o.a.j.r.p.AbstractSampleConsumer: class org.apache.jmeter.report.processor.RequestsSummaryConsumer#stopProducing(): requestsSummary produced 0 samples
2026-04-21 13:27:31,677 INFO o.a.j.r.p.AbstractSampleConsumer: class org.apache.jmeter.report.processor.StatisticsSummaryConsumer#stopProducing(): statisticsSummary produced 0 samples
2026-04-21 13:27:31,678 INFO o.a.j.r.p.AbstractSampleConsumer: class org.apache.jmeter.report.processor.Top5ErrorsBySamplerConsumer#stopProducing(): top5ErrorsBySampler produced 0 samples
2026-04-21 13:27:31,678 INFO o.a.j.r.p.AbstractSampleConsumer: class org.apache.jmeter.report.processor.ErrorsSummaryConsumer#stopProducing(): errorsSummary produced 0 samples
2026-04-21 13:27:31,678 INFO o.a.j.r.p.AbstractSampleConsumer: class org.apache.jmeter.report.processor.graph.impl.HitsPerSecondGraphConsumer#stopProducing(): hitsPerSecond produced 0 samples
2026-04-21 13:27:31,691 INFO o.a.j.r.p.AbstractSampleConsumer: class org.apache.jmeter.report.processor.graph.impl.LatencyVSRequestGraphConsumer#stopProducing(): latencyVsRequest produced 0 samples
2026-04-21 13:27:31,692 INFO o.a.j.r.p.AbstractSampleConsumer: class org.apache.jmeter.report.processor.graph.impl.SyntheticResponseTimeDistributionGraphConsumer#stopProducing(): syntheticResponseTimeDistribution produced 0 samples
2026-04-21 13:27:31,692 INFO o.a.j.r.p.AbstractSampleConsumer: class org.apache.jmeter.report.processor.graph.impl.BytesThroughputGraphConsumer#stopProducing(): bytesThroughputOverTime produced 0 samples
2026-04-21 13:27:31,692 INFO o.a.j.r.p.AbstractSampleConsumer: class org.apache.jmeter.report.processor.graph.impl.CodesPerSecondGraphConsumer#stopProducing(): codesPerSecond produced 0 samples
2026-04-21 13:27:31,694 INFO o.a.j.r.p.AbstractSampleConsumer: class org.apache.jmeter.report.processor.graph.impl.ResponseTimeVSRequestGraphConsumer#stopProducing(): responseTimeVsRequest produced 0 samples
2026-04-21 13:27:31,695 INFO o.a.j.r.p.AbstractSampleConsumer: class org.apache.jmeter.report.processor.FilterConsumer#stopProducing(): startIntervalControlerFilter produced 770 samples
2026-04-21 13:27:31,695 INFO o.a.j.r.p.AbstractSampleConsumer: class org.apache.jmeter.report.processor.graph.impl.TotalTPSGraphConsumer#stopProducing(): totalTPS produced 0 samples
2026-04-21 13:27:31,695 INFO o.a.j.r.p.AbstractSampleConsumer: class org.apache.jmeter.report.processor.graph.impl.ActiveThreadsGraphConsumer#stopProducing(): activeThreadsOverTime produced 0 samples
2026-04-21 13:27:31,695 INFO o.a.j.r.p.AbstractSampleConsumer: class org.apache.jmeter.report.processor.graph.impl.TimeVSThreadGraphConsumer#stopProducing(): timeVsThreads produced 0 samples
2026-04-21 13:27:31,695 INFO o.a.j.r.p.AbstractSampleConsumer: class org.apache.jmeter.report.processor.graph.impl.ResponseTimeDistributionGraphConsumer#stopProducing(): responseTimeDistribution produced 0 samples
2026-04-21 13:27:31,695 INFO o.a.j.r.p.AbstractSampleConsumer: class org.apache.jmeter.report.processor.graph.impl.TransactionsPerSecondGraphConsumer#stopProducing(): transactionsPerSecond produced 0 samples
2026-04-21 13:27:31,695 INFO o.a.j.r.p.AbstractSampleConsumer: class org.apache.jmeter.report.processor.graph.impl.ResponseTimePercentilesGraphConsumer#stopProducing(): responseTimePercentiles produced 0 samples
2026-04-21 13:27:31,696 INFO o.a.j.r.p.AbstractSampleConsumer: class org.apache.jmeter.report.processor.graph.impl.ResponseTimePercentilesOverTimeGraphConsumer#stopProducing(): responseTimePercentilesOverTime produced 0 samples
2026-04-21 13:27:31,696 INFO o.a.j.r.p.AbstractSampleConsumer: class org.apache.jmeter.report.processor.graph.impl.ResponseTimeOverTimeGraphConsumer#stopProducing(): responseTimesOverTime produced 0 samples
2026-04-21 13:27:31,696 INFO o.a.j.r.p.AbstractSampleConsumer: class org.apache.jmeter.report.processor.graph.impl.ConnectTimeOverTimeGraphConsumer#stopProducing(): connectTimeOverTime produced 0 samples
2026-04-21 13:27:31,696 INFO o.a.j.r.p.AbstractSampleConsumer: class org.apache.jmeter.report.processor.graph.impl.LatencyOverTimeGraphConsumer#stopProducing(): latenciesOverTime produced 0 samples
2026-04-21 13:27:31,696 INFO o.a.j.r.p.AbstractSampleConsumer: class org.apache.jmeter.report.processor.FilterConsumer#stopProducing(): nameFilter produced 1650 samples
2026-04-21 13:27:31,696 INFO o.a.j.r.p.AbstractSampleConsumer: class org.apache.jmeter.report.processor.FilterConsumer#stopProducing(): dateRangeFilter produced 330 samples
2026-04-21 13:27:31,696 INFO o.a.j.r.p.AbstractSampleConsumer: class org.apache.jmeter.report.processor.NormalizerSampleConsumer#stopProducing(): normalizer produced 110 samples
2026-04-21 13:27:31,696 INFO o.a.j.r.p.CsvFileSampleSource: produce(): 110 samples produced in 57ms on channel 0
2026-04-21 13:27:31,697 INFO o.a.j.r.d.ReportGenerator: Exporting data using exporter:'json' of className:'org.apache.jmeter.report.dashboard.JsonExporter'
2026-04-21 13:27:31,738 INFO o.a.j.r.d.JsonExporter: Found data for consumer statisticsSummary in context
2026-04-21 13:27:31,738 INFO o.a.j.r.d.JsonExporter: Creating statistics for overall
2026-04-21 13:27:31,738 INFO o.a.j.r.d.JsonExporter: Creating statistics for other transactions
2026-04-21 13:27:31,739 INFO o.a.j.r.d.JsonExporter: Checking output folder
2026-04-21 13:27:31,739 INFO o.a.j.r.d.JsonExporter: Writing statistics JSON to /workspaces/service/jmeter/report/statistics.json
2026-04-21 13:27:31,761 INFO o.a.j.r.d.ReportGenerator: Exporting data using exporter:'html' of className:'org.apache.jmeter.report.dashboard.HtmlTemplateExporter'
2026-04-21 13:27:31,762 INFO o.a.j.r.d.HtmlTemplateExporter: Will generate dashboard in folder: /workspaces/service/jmeter/report
2026-04-21 13:27:31,809 INFO o.a.j.r.d.HtmlTemplateExporter: Report will be generated in: /workspaces/service/jmeter/report, creating folder structure
2026-04-21 13:27:31,810 INFO o.a.j.r.d.TemplateVisitor: Copying folder from '/home/vscode/apache-jmeter-5.6.3/bin/report-template' to '/workspaces/service/jmeter/report', got message: /workspaces/service/jmeter/report, found non empty folder with following content [/workspaces/service/jmeter/report/statistics.json], will be ignored
2026-04-21 13:27:31,910 INFO o.a.j.JMeter: Dashboard generated
